Detecting compiler hash for triplet x64-linux...
Compiler found: /usr/bin/c++
The following packages will be built and installed:
    implot:x64-linux@0.16
Restored 0 package(s) from /home/szymon/.cache/vcpkg/archives in 13.1 us. Use --debug to see more details.
Installing 1/1 implot:x64-linux@0.16...
Building implot:x64-linux@0.16...
Downloading https://github.com/epezent/implot/archive/v0.16.tar.gz -> epezent-implot-v0.16.tar.gz
Successfully downloaded epezent-implot-v0.16.tar.gz
-- Extracting source /home/szymon/CLionProjects/weather-app/vcpkg/downloads/epezent-implot-v0.16.tar.gz
-- Using source at /home/szymon/CLionProjects/weather-app/vcpkg/buildtrees/implot/src/v0.16-45ccd72192.clean
-- Configuring x64-linux
-- Building x64-linux-dbg
-- Building x64-linux-rel
-- Installing: /home/szymon/CLionProjects/weather-app/vcpkg/packages/implot_x64-linux/share/implot/copyright
-- Performing post-build validation
Starting submission of implot:x64-linux@0.16 to 1 binary cache(s) in the background
Elapsed time to handle implot:x64-linux: 59 s
implot:x64-linux package ABI: 0997fae018f9d2fecc747011aacb24e1d4f3a8a3b4d9e63b63403480c626fe18
Total install time: 59 s
curl is compatible with built-in CMake targets:

    find_package(CURL REQUIRED)
    target_link_libraries(main PRIVATE CURL::libcurl)

glad provides CMake targets:

  # this is heuristically generated, and may not be correct
  find_package(glad CONFIG REQUIRED)
  target_link_libraries(main PRIVATE glad::glad)

glfw3 provides CMake targets:

  # this is heuristically generated, and may not be correct
  find_package(glfw3 CONFIG REQUIRED)
  target_link_libraries(main PRIVATE glfw)

glfw3 provides pkg-config modules:

  # A multi-platform library for OpenGL, window and input
  glfw3

imgui provides CMake targets:

  # this is heuristically generated, and may not be correct
  find_package(imgui CONFIG REQUIRED)
  target_link_libraries(main PRIVATE imgui::imgui)

implot provides CMake targets:

  # this is heuristically generated, and may not be correct
  find_package(implot CONFIG REQUIRED)
  target_link_libraries(main PRIVATE implot::implot)

The package nlohmann-json provides CMake targets:

    find_package(nlohmann_json CONFIG REQUIRED)
    target_link_libraries(main PRIVATE nlohmann_json::nlohmann_json)

The package nlohmann-json can be configured to not provide implicit conversions via a custom triplet file:

    set(nlohmann-json_IMPLICIT_CONVERSIONS OFF)

For more information, see the docs here:
    
    https://json.nlohmann.me/api/macros/json_use_implicit_conversions/

Waiting for 1 remaining binary cache submissions...
zip: error: failed with exit code 127
Completed submission of implot:x64-linux@0.16 to 0 binary cache(s) in 1.26 ms (1/1)
